[совпадение] «Fate/strange Fake (Zoku-hen) »: неуверенное совпадение (score=0.80): Судьба/Странная подделка PV (id=40982), Судьба/Странная подделка (id=55830), Судьба/Странная подделка: Шёпот рассвета (id=53127), Судьба/Девочка-волшебница Иллия (id=49703), Сакура — собирательница карт: Прозрачные карты (id=54916)
[совпадение] «Дьявол может плакать (2025)»: неуверенное совпадение (score=0.89): Дьявол может плакать (id=1726), Дьяволёнок: Добро пожаловать на дьявольский остров! (id=8227), Дьявол и Дьявол: Реклама Shounen Sunday (id=40345), Дьяволёнок (id=8194), Выживший дьявол 2 (id=16512)
[совпадение] «Гачиакута»: неуверенное совпадение (score=0.89): Гатиакута (id=59062)
[совпадение] «Могу я попросить кое-что ещë?»: неуверенное совпадение (score=0.85): Могу я попросить ещё кое-что? (id=59846), Ну, что я могу поделать... (id=30398), То, что я могу сделать сейчас... (id=34179), Я настолько заинтересована Нэкотой, что ничего не могу с собой поделать! (id=30842), Я настолько заинтересована Нэкотой, что ничего не могу с собой поделать! (id=28963)
[совпадение] «Любимый во Франксе»: неуверенное совпадение (score=0.82): Милый во Франксе (id=35849), Пинк: Водяные воры, дождевые воры (id=11659), Девочка-волшебница Мадока★Волшебный фильм 3: История восстания (id=11981), Мобильный воин Гандам: Восьмой взвод МС (id=81), Девочка-волшебница Мадока★Волшебный фильм 3: История восстания — Спецвыпуски (id=23831)
